[NbConvertApp] Converting notebook preparation/images/review/image_review_debug.ipynb to notebook
[IPKernelApp] WARNING | Kernel is running over TCP without encryption. All communication (including code and outputs) is sent in plain text and is susceptible to eavesdropping. Use IPC transport or launch with kernel manager-provisioned CurveZMQ keys to enable transport encryption.
Traceback (most recent call last):
  File "/yzp/zhaozy/yangzepeng/0905/env/bin/jupyter-nbconvert", line 6, in <module>
    sys.exit(main())
             ^^^^^^
  File "/yzp/zhaozy/yangzepeng/0905/env/lib/python3.11/site-packages/jupyter_core/application.py", line 284, in launch_instance
    super().launch_instance(argv=argv, **kwargs)
  File "/yzp/zhaozy/yangzepeng/0905/env/lib/python3.11/site-packages/traitlets/config/application.py", line 1080, in launch_instance
    app.start()
  File "/yzp/zhaozy/yangzepeng/0905/env/lib/python3.11/site-packages/nbconvert/nbconvertapp.py", line 420, in start
    self.convert_notebooks()
  File "/yzp/zhaozy/yangzepeng/0905/env/lib/python3.11/site-packages/nbconvert/nbconvertapp.py", line 597, in convert_notebooks
    self.convert_single_notebook(notebook_filename)
  File "/yzp/zhaozy/yangzepeng/0905/env/lib/python3.11/site-packages/nbconvert/nbconvertapp.py", line 563, in convert_single_notebook
    output, resources = self.export_single_notebook(
                        ^^^^^^^^^^^^^^^^^^^^^^^^^^^^
  File "/yzp/zhaozy/yangzepeng/0905/env/lib/python3.11/site-packages/nbconvert/nbconvertapp.py", line 487, in export_single_notebook
    output, resources = self.exporter.from_filename(
                        ^^^^^^^^^^^^^^^^^^^^^^^^^^^^
  File "/yzp/zhaozy/yangzepeng/0905/env/lib/python3.11/site-packages/nbconvert/exporters/exporter.py", line 201, in from_filename
    return self.from_file(f, resources=resources, **kw)
           ^^^^^^^^^^^^^^^^^^^^^^^^^^^^^^^^^^^^^^^^^^^^
  File "/yzp/zhaozy/yangzepeng/0905/env/lib/python3.11/site-packages/nbconvert/exporters/exporter.py", line 220, in from_file
    return self.from_notebook_node(
           ^^^^^^^^^^^^^^^^^^^^^^^^
  File "/yzp/zhaozy/yangzepeng/0905/env/lib/python3.11/site-packages/nbconvert/exporters/notebook.py", line 36, in from_notebook_node
    nb_copy, resources = super().from_notebook_node(nb, resources, **kw)
                         ^^^^^^^^^^^^^^^^^^^^^^^^^^^^^^^^^^^^^^^^^^^^^^^
  File "/yzp/zhaozy/yangzepeng/0905/env/lib/python3.11/site-packages/nbconvert/exporters/exporter.py", line 154, in from_notebook_node
    nb_copy, resources = self._preprocess(nb_copy, resources)
                         ^^^^^^^^^^^^^^^^^^^^^^^^^^^^^^^^^^^^
  File "/yzp/zhaozy/yangzepeng/0905/env/lib/python3.11/site-packages/nbconvert/exporters/exporter.py", line 353, in _preprocess
    nbc, resc = preprocessor(nbc, resc)
                ^^^^^^^^^^^^^^^^^^^^^^^
  File "/yzp/zhaozy/yangzepeng/0905/env/lib/python3.11/site-packages/nbconvert/preprocessors/base.py", line 48, in __call__
    return self.preprocess(nb, resources)
           ^^^^^^^^^^^^^^^^^^^^^^^^^^^^^^
  File "/yzp/zhaozy/yangzepeng/0905/env/lib/python3.11/site-packages/nbconvert/preprocessors/execute.py", line 103, in preprocess
    self.preprocess_cell(cell, resources, index)
  File "/yzp/zhaozy/yangzepeng/0905/env/lib/python3.11/site-packages/nbconvert/preprocessors/execute.py", line 124, in preprocess_cell
    cell = self.execute_cell(cell, index, store_history=True)
           ^^^^^^^^^^^^^^^^^^^^^^^^^^^^^^^^^^^^^^^^^^^^^^^^^^
  File "/yzp/zhaozy/yangzepeng/0905/env/lib/python3.11/site-packages/jupyter_core/utils/__init__.py", line 165, in wrapped
    return loop.run_until_complete(inner)
           ^^^^^^^^^^^^^^^^^^^^^^^^^^^^^^
  File "/yzp/zhaozy/yangzepeng/0905/env/lib/python3.11/asyncio/base_events.py", line 654, in run_until_complete
    return future.result()
           ^^^^^^^^^^^^^^^
  File "/yzp/zhaozy/yangzepeng/0905/env/lib/python3.11/site-packages/nbclient/client.py", line 1062, in async_execute_cell
    await self._check_raise_for_error(cell, cell_index, exec_reply)
  File "/yzp/zhaozy/yangzepeng/0905/env/lib/python3.11/site-packages/nbclient/client.py", line 918, in _check_raise_for_error
    raise CellExecutionError.from_cell_and_msg(cell, exec_reply_content)
nbclient.exceptions.CellExecutionError: An error occurred while executing the following cell:
------------------
# 第 2 格｜手工执行：原图先过滤关联>=3的图片 → 恢复旧图片编号 → 复用审核结果 → 公共表merge。
# 不调用模型、不申请GPU。不读取旧大字段准备表；469概念含无图/全过滤/待定状态。
# 旧run必须已停止或结束；pipeline会持有两边的运行锁，避免同时发布。
import asyncio
from preparation.articles.operaters.runfiles import run_records
visual_result = await asyncio.to_thread(
    image_pipeline.run_pipeline, VISUAL_PIPELINE_CONFIG,
)
visual_records = run_records(VISUAL_RUN)
print('本轮概念结果：')
display(visual_records.get('stage/knowledge_base'))
print('公共图片目标（固定版本；内容仍是累积全表）：')
display(visual_records.get('results/visual'))
print('请运行下一格查看状态分布、审核通过图数与逐概念明细。')

------------------


[31m---------------------------------------------------------------------------[39m
[31mValueError[39m                                Traceback (most recent call last)
[36mCell[39m[36m [39m[32mIn[2][39m[32m, line 6[39m
[32m      2[39m [38;5;66;03m# 不调用模型、不申请GPU。不读取旧大字段准备表；469概念含无图/全过滤/待定状态。[39;00m
[32m      3[39m [38;5;66;03m# 旧run必须已停止或结束；pipeline会持有两边的运行锁，避免同时发布。[39;00m
[32m      4[39m [38;5;28;01mimport[39;00m asyncio
[32m      5[39m [38;5;28;01mfrom[39;00m preparation.articles.operaters.runfiles [38;5;28;01mimport[39;00m run_records
[32m----> [39m[32m6[39m visual_result = await asyncio.to_thread(
[32m      7[39m     image_pipeline.run_pipeline, VISUAL_PIPELINE_CONFIG,
[32m      8[39m )
[32m      9[39m visual_records = run_records(VISUAL_RUN)

[36mFile [39m[32m/yzp/zhaozy/yangzepeng/0905/env/lib/python3.11/asyncio/threads.py:25[39m, in [36mto_thread[39m[34m(func, *args, **kwargs)[39m
[32m     23[39m ctx = contextvars.copy_context()
[32m     24[39m func_call = functools.partial(ctx.run, func, *args, **kwargs)
[32m---> [39m[32m25[39m [38;5;28;01mreturn[39;00m [38;5;28;01mawait[39;00m loop.run_in_executor([38;5;28;01mNone[39;00m, func_call)

[36mFile [39m[32m/yzp/zhaozy/yangzepeng/0905/env/lib/python3.11/concurrent/futures/thread.py:58[39m, in [36m_WorkItem.run[39m[34m(self)[39m
[32m     55[39m     [38;5;28;01mreturn[39;00m
[32m     57[39m [38;5;28;01mtry[39;00m:
[32m---> [39m[32m58[39m     result = [30;43mself[39;49m[30;43m.[39;49m[30;43mfn[39;49m[30;43m([39;49m[30;43m*[39;49m[30;43mself[39;49m[30;43m.[39;49m[30;43margs[39;49m[30;43m,[39;49m[30;43m [39;49m[30;43m*[39;49m[30;43m*[39;49m[30;43mself[39;49m[30;43m.[39;49m[30;43mkwargs[39;49m[30;43m)[39;49m
[32m     59[39m [38;5;28;01mexcept[39;00m [38;5;167;01mBaseException[39;00m [38;5;28;01mas[39;00m exc:
[32m     60[39m     [38;5;28mself[39m.future.set_exception(exc)

[36mFile [39m[32m/yzp/zhaozy/yangzepeng/0905/demiwtg/preparation/images/review/image_review_pipeline.py:391[39m, in [36mrun_pipeline[39m[34m(config)[39m
[32m    389[39m     [38;5;66;03m# 固定阶段可读，但旧运行不能再与新规则同时发布公共结果。[39;00m
[32m    390[39m     locks.enter_context(run_lock(parent.parent / [33m'[39m[33m_demiflow[39m[33m'[39m / parent.name))
[32m--> [39m[32m391[39m version, source = [30;43mfreeze_visual_run[39;49m[30;43m([39;49m[30;43mrun[39;49m[30;43m,[39;49m[30;43m [39;49m[30;43minput_path[39;49m[30;43m,[39;49m[30;43m [39;49m[30;43mdataset[39;49m[30;43m,[39;49m[30;43m [39;49m[30;43mconfig[39;49m[30;43m,[39;49m[30;43m [39;49m[30;43mPath[39;49m[30;43m([39;49m[30;43mproject[39;49m[30;43m)[39;49m[30;43m)[39;49m
[32m    392[39m compact = CompactVisualInput(source, config.get([33m'[39m[33mimage_concept_exclusion_threshold[39m[33m'[39m))
[32m    393[39m [38;5;28;01mfrom[39;00m[38;5;250m [39m[34;01mpreparation[39;00m[34;01m.[39;00m[34;01mimages[39;00m[34;01m.[39;00m[34;01mreview[39;00m[34;01m.[39;00m[34;01moperaters[39;00m[34;01m.[39;00m[34;01mimages[39;00m[38;5;250m [39m[38;5;28;01mimport[39;00m read_visual_input

[36mFile [39m[32m/yzp/zhaozy/yangzepeng/0905/demiwtg/preparation/images/review/operaters/runfiles.py:113[39m, in [36mfreeze_visual_run[39m[34m(run, input_path, dataset, config, project)[39m
[32m    108[39m config = {**config, [33m'[39m[33mraw_images_ref[39m[33m'[39m: raw_ref.to_dict()}
[32m    109[39m manifest = {[33m'[39m[33mpipeline_version[39m[33m'[39m:[33m'[39m[33mV2[39m[33m'[39m, [33m'[39m[33mbranch[39m[33m'[39m:[33m'[39m[33mpreparation.visual_materials[39m[33m'[39m,
[32m    110[39m             [33m'[39m[33msource[39m[33m'[39m:source, [33m'[39m[33mstore_id[39m[33m'[39m:[33m'[39m[33mlocal[39m[33m'[39m, [33m'[39m[33mconfig[39m[33m'[39m:config,
[32m    111[39m             [33m'[39m[33mgraph_sha256[39m[33m'[39m:graph_hash, [33m'[39m[33mcode[39m[33m'[39m:preparation_source_code(),
[32m    112[39m             [33m'[39m[33mruntime[39m[33m'[39m:runtime_version()}
[32m--> [39m[32m113[39m [30;43mrecords[39;49m[30;43m.[39;49m[30;43mput[39;49m[30;43m([39;49m[30;43m'[39;49m[30;43mmanifest[39;49m[30;43m'[39;49m[30;43m,[39;49m[30;43m [39;49m[30;43mmanifest[39;49m[30;43m)[39;49m
[32m    114[39m [38;5;28;01mreturn[39;00m digest(manifest), source

[36mFile [39m[32m/yzp/zhaozy/yangzepeng/0905/demiflow/demiflow/lance/records.py:115[39m, in [36mLanceRecordStore.put[39m[34m(self, key, value, immutable)[39m
[32m    113[39m existing = [38;5;28mself[39m.get(key) [38;5;28;01mif[39;00m prior [38;5;129;01mis[39;00m [38;5;129;01mnot[39;00m [38;5;28;01mNone[39;00m [38;5;28;01melse[39;00m [38;5;28;01mNone[39;00m
[32m    114[39m [38;5;28;01mif[39;00m prior [38;5;129;01mis[39;00m [38;5;129;01mnot[39;00m [38;5;28;01mNone[39;00m [38;5;129;01mand[39;00m existing != value [38;5;129;01mand[39;00m immutable:
[32m--> [39m[32m115[39m     [38;5;28;01mraise[39;00m [38;5;167;01mValueError[39;00m([33mf[39m[33m'[39m[33mImmutable record differs; use a new run: [39m[38;5;132;01m{[39;00mkey[38;5;132;01m}[39;00m[33m'[39m)
[32m    116[39m [38;5;28;01mif[39;00m prior [38;5;129;01mis[39;00m [38;5;129;01mnot[39;00m [38;5;28;01mNone[39;00m [38;5;129;01mand[39;00m existing == value:
[32m    117[39m     [38;5;28;01mreturn[39;00m prior

[31mValueError[39m: Immutable record differs; use a new run: manifest

